t=2026-03-13T02:51:20+0700 lvl=info msg="no configuration paths supplied"
t=2026-03-13T02:51:20+0700 lvl=info msg="using configuration at default config path" path="/Users/chuvit/Library/Application Support/ngrok/ngrok.yml"
t=2026-03-13T02:51:20+0700 lvl=info msg="open config file" path="/Users/chuvit/Library/Application Support/ngrok/ngrok.yml" err=nil
t=2026-03-13T02:51:20+0700 lvl=info msg="FIPS 140 mode" enabled=false
t=2026-03-13T02:51:20+0700 lvl=eror msg="unable to check host info" obj=tunnels.session err="getting host ID: exec: \"ioreg\": executable file not found in $PATH"
t=2026-03-13T02:51:20+0700 lvl=eror msg="unable to check ComputerName" obj=tunnels.session err="exec: \"scutil\": executable file not found in $PATH"
t=2026-03-13T02:51:20+0700 lvl=info msg="starting web service" obj=web addr=127.0.0.1:4040 allow_hosts=[]
t=2026-03-13T02:51:20+0700 lvl=eror msg="failed to reconnect session" obj=tunnels.session err="authentication failed: The authtoken you specified does not look like a proper ngrok authtoken.\nYour authtoken: eyJvcmciOiI2NzM1NzgwZWM4YzFlYjAwMDEyYTM3NzEiLCJpZCI6ImMzMzMxYmQ3MjA0MzRkYjFiZTViOTVjMjE3ZGU1MTMxIiwiaCI6Im11cm11cjEyOCJ9\nInstructions to install your authtoken are on your ngrok dashboard:\nhttps://dashboard.ngrok.com/get-started/your-authtoken\r\n\r\nERR_NGROK_105\r\n"
t=2026-03-13T02:51:20+0700 lvl=eror msg="session closing" obj=tunnels.session err="authentication failed: The authtoken you specified does not look like a proper ngrok authtoken.\nYour authtoken: eyJvcmciOiI2NzM1NzgwZWM4YzFlYjAwMDEyYTM3NzEiLCJpZCI6ImMzMzMxYmQ3MjA0MzRkYjFiZTViOTVjMjE3ZGU1MTMxIiwiaCI6Im11cm11cjEyOCJ9\nInstructions to install your authtoken are on your ngrok dashboard:\nhttps://dashboard.ngrok.com/get-started/your-authtoken\r\n\r\nERR_NGROK_105\r\n"
t=2026-03-13T02:51:20+0700 lvl=info msg="received stop request" obj=app stopReq="{err:{Remote:true Inner:{Inner:0x14000474390}} restart:false}"
t=2026-03-13T02:51:20+0700 lvl=eror msg="terminating with error" obj=app err="authentication failed: The authtoken you specified does not look like a proper ngrok authtoken.\nYour authtoken: eyJvcmciOiI2NzM1NzgwZWM4YzFlYjAwMDEyYTM3NzEiLCJpZCI6ImMzMzMxYmQ3MjA0MzRkYjFiZTViOTVjMjE3ZGU1MTMxIiwiaCI6Im11cm11cjEyOCJ9\nInstructions to install your authtoken are on your ngrok dashboard:\nhttps://dashboard.ngrok.com/get-started/your-authtoken\r\n\r\nERR_NGROK_105\r\n"
t=2026-03-13T02:51:20+0700 lvl=crit msg="command failed" err="authentication failed: The authtoken you specified does not look like a proper ngrok authtoken.\nYour authtoken: eyJvcmciOiI2NzM1NzgwZWM4YzFlYjAwMDEyYTM3NzEiLCJpZCI6ImMzMzMxYmQ3MjA0MzRkYjFiZTViOTVjMjE3ZGU1MTMxIiwiaCI6Im11cm11cjEyOCJ9\nInstructions to install your authtoken are on your ngrok dashboard:\nhttps://dashboard.ngrok.com/get-started/your-authtoken\r\n\r\nERR_NGROK_105\r\n"
ERROR:  authentication failed: The authtoken you specified does not look like a proper ngrok authtoken.
ERROR:  Your authtoken: eyJvcmciOiI2NzM1NzgwZWM4YzFlYjAwMDEyYTM3NzEiLCJpZCI6ImMzMzMxYmQ3MjA0MzRkYjFiZTViOTVjMjE3ZGU1MTMxIiwiaCI6Im11cm11cjEyOCJ9
ERROR:  Instructions to install your authtoken are on your ngrok dashboard:
ERROR:  https://dashboard.ngrok.com/get-started/your-authtoken
ERROR:  
ERROR:  ERR_NGROK_105
ERROR:  https://ngrok.com/docs/errors/err_ngrok_105
ERROR:  
t=2026-03-13T02:51:20+0700 lvl=warn msg="failed to check for update" obj=updater err="Post \"https://update.ngrok-agent.com/check\": context canceled"
